2026-07-15 19:30:56,931 [INFO] database: ✅ Database initialized
2026-07-15 19:30:57,158 [INFO] commands_auction: auction tables ready
2026-07-15 19:30:57,160 [INFO] commands_auction: auction handlers registered (group=5)
2026-07-15 19:30:57,162 [INFO] __main__: ✅ All handlers registered
2026-07-15 19:31:00,165 [INFO] httpx: HTTP Request: POST https://api.telegram.org/bot8869362388:AAGRAu6BwTi07SWjbWLisBHohB4rwe0PCSk/getMe "HTTP/1.1 200 OK"
2026-07-15 19:31:03,437 [INFO] httpx: HTTP Request: POST https://api.telegram.org/bot8869362388:AAGRAu6BwTi07SWjbWLisBHohB4rwe0PCSk/setMyCommands "HTTP/1.1 200 OK"
2026-07-15 19:31:04,638 [INFO] httpx: HTTP Request: POST https://api.telegram.org/bot8869362388:AAGRAu6BwTi07SWjbWLisBHohB4rwe0PCSk/getMe "HTTP/1.1 200 OK"
2026-07-15 19:31:05,224 [INFO] httpx: HTTP Request: POST https://api.telegram.org/bot8869362388:AAGRAu6BwTi07SWjbWLisBHohB4rwe0PCSk/sendMessage "HTTP/1.1 200 OK"
2026-07-15 19:31:05,625 [INFO] httpx: HTTP Request: POST https://api.telegram.org/bot8869362388:AAGRAu6BwTi07SWjbWLisBHohB4rwe0PCSk/deleteWebhook "HTTP/1.1 200 OK"
2026-07-15 19:31:05,632 [INFO] apscheduler.scheduler: Scheduler started
2026-07-15 19:31:05,633 [INFO] telegram.ext.Application: Application started
2026-07-15 19:31:14,796 [INFO] httpx: HTTP Request: POST https://api.telegram.org/bot8869362388:AAGRAu6BwTi07SWjbWLisBHohB4rwe0PCSk/getUpdates "HTTP/1.1 200 OK"
2026-07-15 19:31:16,423 [INFO] httpx: HTTP Request: POST https://api.telegram.org/bot8869362388:AAGRAu6BwTi07SWjbWLisBHohB4rwe0PCSk/getFile "HTTP/1.1 200 OK"
2026-07-15 19:31:16,998 [INFO] httpx: HTTP Request: GET https://api.telegram.org/file/bot8869362388%3AAAGRAu6BwTi07SWjbWLisBHohB4rwe0PCSk/photos/file_10.jpg "HTTP/1.1 200 OK"
2026-07-15 19:31:19,468 [INFO] httpx: HTTP Request: POST https://api.telegram.org/bot8869362388:AAGRAu6BwTi07SWjbWLisBHohB4rwe0PCSk/sendPhoto "HTTP/1.1 200 OK"
2026-07-15 19:31:20,277 [INFO] httpx: HTTP Request: POST https://api.telegram.org/bot8869362388:AAGRAu6BwTi07SWjbWLisBHohB4rwe0PCSk/sendMessage "HTTP/1.1 200 OK"
2026-07-15 19:31:25,260 [INFO] httpx: HTTP Request: POST https://api.telegram.org/bot8869362388:AAGRAu6BwTi07SWjbWLisBHohB4rwe0PCSk/getUpdates "HTTP/1.1 200 OK"
2026-07-15 19:31:27,419 [INFO] httpx: HTTP Request: POST https://api.telegram.org/bot8869362388:AAGRAu6BwTi07SWjbWLisBHohB4rwe0PCSk/getUpdates "HTTP/1.1 200 OK"
2026-07-15 19:31:28,902 [INFO] httpx: HTTP Request: POST https://api.telegram.org/bot8869362388:AAGRAu6BwTi07SWjbWLisBHohB4rwe0PCSk/answerCallbackQuery "HTTP/1.1 200 OK"
2026-07-15 19:31:29,509 [INFO] httpx: HTTP Request: POST https://api.telegram.org/bot8869362388:AAGRAu6BwTi07SWjbWLisBHohB4rwe0PCSk/editMessageText "HTTP/1.1 200 OK"
2026-07-15 19:31:37,864 [INFO] httpx: HTTP Request: POST https://api.telegram.org/bot8869362388:AAGRAu6BwTi07SWjbWLisBHohB4rwe0PCSk/getUpdates "HTTP/1.1 200 OK"
2026-07-15 19:32:11,042 [INFO] httpx: HTTP Request: POST https://api.telegram.org/bot8869362388:AAGRAu6BwTi07SWjbWLisBHohB4rwe0PCSk/editMessageText "HTTP/1.1 200 OK"
2026-07-15 19:32:20,269 [INFO] httpx: HTTP Request: POST https://api.telegram.org/bot8869362388:AAGRAu6BwTi07SWjbWLisBHohB4rwe0PCSk/getUpdates "HTTP/1.1 200 OK"
2026-07-15 19:32:30,760 [INFO] httpx: HTTP Request: POST https://api.telegram.org/bot8869362388:AAGRAu6BwTi07SWjbWLisBHohB4rwe0PCSk/getUpdates "HTTP/1.1 200 OK"
2026-07-15 19:32:42,242 [INFO] httpx: HTTP Request: POST https://api.telegram.org/bot8869362388:AAGRAu6BwTi07SWjbWLisBHohB4rwe0PCSk/getUpdates "HTTP/1.1 200 OK"
2026-07-15 19:32:54,072 [INFO] httpx: HTTP Request: POST https://api.telegram.org/bot8869362388:AAGRAu6BwTi07SWjbWLisBHohB4rwe0PCSk/getUpdates "HTTP/1.1 200 OK"
2026-07-15 19:33:04,662 [INFO] httpx: HTTP Request: POST https://api.telegram.org/bot8869362388:AAGRAu6BwTi07SWjbWLisBHohB4rwe0PCSk/getUpdates "HTTP/1.1 200 OK"
2026-07-15 19:33:15,099 [INFO] httpx: HTTP Request: POST https://api.telegram.org/bot8869362388:AAGRAu6BwTi07SWjbWLisBHohB4rwe0PCSk/getUpdates "HTTP/1.1 200 OK"
2026-07-15 19:33:25,508 [INFO] httpx: HTTP Request: POST https://api.telegram.org/bot8869362388:AAGRAu6BwTi07SWjbWLisBHohB4rwe0PCSk/getUpdates "HTTP/1.1 200 OK"
2026-07-15 19:33:35,901 [INFO] httpx: HTTP Request: POST https://api.telegram.org/bot8869362388:AAGRAu6BwTi07SWjbWLisBHohB4rwe0PCSk/getUpdates "HTTP/1.1 200 OK"
2026-07-15 19:33:46,342 [INFO] httpx: HTTP Request: POST https://api.telegram.org/bot8869362388:AAGRAu6BwTi07SWjbWLisBHohB4rwe0PCSk/getUpdates "HTTP/1.1 200 OK"
2026-07-15 19:33:56,708 [INFO] httpx: HTTP Request: POST https://api.telegram.org/bot8869362388:AAGRAu6BwTi07SWjbWLisBHohB4rwe0PCSk/getUpdates "HTTP/1.1 200 OK"
2026-07-15 19:34:07,267 [INFO] httpx: HTTP Request: POST https://api.telegram.org/bot8869362388:AAGRAu6BwTi07SWjbWLisBHohB4rwe0PCSk/getUpdates "HTTP/1.1 200 OK"
2026-07-15 19:34:17,666 [INFO] httpx: HTTP Request: POST https://api.telegram.org/bot8869362388:AAGRAu6BwTi07SWjbWLisBHohB4rwe0PCSk/getUpdates "HTTP/1.1 200 OK"
2026-07-15 19:34:28,477 [INFO] httpx: HTTP Request: POST https://api.telegram.org/bot8869362388:AAGRAu6BwTi07SWjbWLisBHohB4rwe0PCSk/getUpdates "HTTP/1.1 200 OK"
2026-07-15 19:34:38,937 [INFO] httpx: HTTP Request: POST https://api.telegram.org/bot8869362388:AAGRAu6BwTi07SWjbWLisBHohB4rwe0PCSk/getUpdates "HTTP/1.1 200 OK"
2026-07-15 19:34:49,854 [INFO] httpx: HTTP Request: POST https://api.telegram.org/bot8869362388:AAGRAu6BwTi07SWjbWLisBHohB4rwe0PCSk/getUpdates "HTTP/1.1 200 OK"
2026-07-15 19:35:01,047 [INFO] httpx: HTTP Request: POST https://api.telegram.org/bot8869362388:AAGRAu6BwTi07SWjbWLisBHohB4rwe0PCSk/getUpdates "HTTP/1.1 200 OK"
2026-07-15 19:35:11,681 [INFO] httpx: HTTP Request: POST https://api.telegram.org/bot8869362388:AAGRAu6BwTi07SWjbWLisBHohB4rwe0PCSk/getUpdates "HTTP/1.1 200 OK"
2026-07-15 19:35:22,280 [INFO] httpx: HTTP Request: POST https://api.telegram.org/bot8869362388:AAGRAu6BwTi07SWjbWLisBHohB4rwe0PCSk/getUpdates "HTTP/1.1 200 OK"
2026-07-15 19:35:32,719 [INFO] httpx: HTTP Request: POST https://api.telegram.org/bot8869362388:AAGRAu6BwTi07SWjbWLisBHohB4rwe0PCSk/getUpdates "HTTP/1.1 200 OK"
2026-07-15 19:35:43,280 [INFO] httpx: HTTP Request: POST https://api.telegram.org/bot8869362388:AAGRAu6BwTi07SWjbWLisBHohB4rwe0PCSk/getUpdates "HTTP/1.1 200 OK"
2026-07-15 19:35:57,119 [INFO] httpx: HTTP Request: POST https://api.telegram.org/bot8869362388:AAGRAu6BwTi07SWjbWLisBHohB4rwe0PCSk/getUpdates "HTTP/1.1 200 OK"
2026-07-15 19:36:07,610 [INFO] httpx: HTTP Request: POST https://api.telegram.org/bot8869362388:AAGRAu6BwTi07SWjbWLisBHohB4rwe0PCSk/getUpdates "HTTP/1.1 200 OK"
2026-07-15 19:36:18,028 [INFO] httpx: HTTP Request: POST https://api.telegram.org/bot8869362388:AAGRAu6BwTi07SWjbWLisBHohB4rwe0PCSk/getUpdates "HTTP/1.1 200 OK"
2026-07-15 19:36:28,589 [INFO] httpx: HTTP Request: POST https://api.telegram.org/bot8869362388:AAGRAu6BwTi07SWjbWLisBHohB4rwe0PCSk/getUpdates "HTTP/1.1 200 OK"
2026-07-15 19:36:39,055 [INFO] httpx: HTTP Request: POST https://api.telegram.org/bot8869362388:AAGRAu6BwTi07SWjbWLisBHohB4rwe0PCSk/getUpdates "HTTP/1.1 200 OK"
2026-07-15 19:36:49,535 [INFO] httpx: HTTP Request: POST https://api.telegram.org/bot8869362388:AAGRAu6BwTi07SWjbWLisBHohB4rwe0PCSk/getUpdates "HTTP/1.1 200 OK"
2026-07-15 19:36:59,941 [INFO] httpx: HTTP Request: POST https://api.telegram.org/bot8869362388:AAGRAu6BwTi07SWjbWLisBHohB4rwe0PCSk/getUpdates "HTTP/1.1 200 OK"
2026-07-15 19:37:10,424 [INFO] httpx: HTTP Request: POST https://api.telegram.org/bot8869362388:AAGRAu6BwTi07SWjbWLisBHohB4rwe0PCSk/getUpdates "HTTP/1.1 200 OK"
2026-07-15 19:37:20,865 [INFO] httpx: HTTP Request: POST https://api.telegram.org/bot8869362388:AAGRAu6BwTi07SWjbWLisBHohB4rwe0PCSk/getUpdates "HTTP/1.1 200 OK"
2026-07-15 19:37:31,964 [INFO] httpx: HTTP Request: POST https://api.telegram.org/bot8869362388:AAGRAu6BwTi07SWjbWLisBHohB4rwe0PCSk/getUpdates "HTTP/1.1 200 OK"
2026-07-15 19:37:42,344 [INFO] httpx: HTTP Request: POST https://api.telegram.org/bot8869362388:AAGRAu6BwTi07SWjbWLisBHohB4rwe0PCSk/getUpdates "HTTP/1.1 200 OK"
2026-07-15 19:37:52,722 [INFO] httpx: HTTP Request: POST https://api.telegram.org/bot8869362388:AAGRAu6BwTi07SWjbWLisBHohB4rwe0PCSk/getUpdates "HTTP/1.1 200 OK"
2026-07-15 19:38:03,189 [INFO] httpx: HTTP Request: POST https://api.telegram.org/bot8869362388:AAGRAu6BwTi07SWjbWLisBHohB4rwe0PCSk/getUpdates "HTTP/1.1 200 OK"
2026-07-15 19:38:13,575 [INFO] httpx: HTTP Request: POST https://api.telegram.org/bot8869362388:AAGRAu6BwTi07SWjbWLisBHohB4rwe0PCSk/getUpdates "HTTP/1.1 200 OK"
2026-07-15 19:38:23,997 [INFO] httpx: HTTP Request: POST https://api.telegram.org/bot8869362388:AAGRAu6BwTi07SWjbWLisBHohB4rwe0PCSk/getUpdates "HTTP/1.1 200 OK"
2026-07-15 19:38:34,857 [INFO] httpx: HTTP Request: POST https://api.telegram.org/bot8869362388:AAGRAu6BwTi07SWjbWLisBHohB4rwe0PCSk/getUpdates "HTTP/1.1 200 OK"
2026-07-15 19:38:45,382 [INFO] httpx: HTTP Request: POST https://api.telegram.org/bot8869362388:AAGRAu6BwTi07SWjbWLisBHohB4rwe0PCSk/getUpdates "HTTP/1.1 200 OK"
2026-07-15 19:38:55,935 [INFO] httpx: HTTP Request: POST https://api.telegram.org/bot8869362388:AAGRAu6BwTi07SWjbWLisBHohB4rwe0PCSk/getUpdates "HTTP/1.1 200 OK"
2026-07-15 19:39:06,381 [INFO] httpx: HTTP Request: POST https://api.telegram.org/bot8869362388:AAGRAu6BwTi07SWjbWLisBHohB4rwe0PCSk/getUpdates "HTTP/1.1 200 OK"
2026-07-15 19:39:16,735 [INFO] httpx: HTTP Request: POST https://api.telegram.org/bot8869362388:AAGRAu6BwTi07SWjbWLisBHohB4rwe0PCSk/getUpdates "HTTP/1.1 200 OK"
2026-07-15 19:39:27,136 [INFO] httpx: HTTP Request: POST https://api.telegram.org/bot8869362388:AAGRAu6BwTi07SWjbWLisBHohB4rwe0PCSk/getUpdates "HTTP/1.1 200 OK"
2026-07-15 19:39:38,138 [INFO] httpx: HTTP Request: POST https://api.telegram.org/bot8869362388:AAGRAu6BwTi07SWjbWLisBHohB4rwe0PCSk/getUpdates "HTTP/1.1 200 OK"
2026-07-15 19:39:48,584 [INFO] httpx: HTTP Request: POST https://api.telegram.org/bot8869362388:AAGRAu6BwTi07SWjbWLisBHohB4rwe0PCSk/getUpdates "HTTP/1.1 200 OK"
2026-07-15 19:39:59,013 [INFO] httpx: HTTP Request: POST https://api.telegram.org/bot8869362388:AAGRAu6BwTi07SWjbWLisBHohB4rwe0PCSk/getUpdates "HTTP/1.1 200 OK"
2026-07-15 19:40:09,455 [INFO] httpx: HTTP Request: POST https://api.telegram.org/bot8869362388:AAGRAu6BwTi07SWjbWLisBHohB4rwe0PCSk/getUpdates "HTTP/1.1 200 OK"
2026-07-15 19:40:20,053 [INFO] httpx: HTTP Request: POST https://api.telegram.org/bot8869362388:AAGRAu6BwTi07SWjbWLisBHohB4rwe0PCSk/getUpdates "HTTP/1.1 200 OK"
2026-07-15 19:40:30,653 [INFO] httpx: HTTP Request: POST https://api.telegram.org/bot8869362388:AAGRAu6BwTi07SWjbWLisBHohB4rwe0PCSk/getUpdates "HTTP/1.1 200 OK"
2026-07-15 19:40:41,054 [INFO] httpx: HTTP Request: POST https://api.telegram.org/bot8869362388:AAGRAu6BwTi07SWjbWLisBHohB4rwe0PCSk/getUpdates "HTTP/1.1 200 OK"
2026-07-15 19:40:51,455 [INFO] httpx: HTTP Request: POST https://api.telegram.org/bot8869362388:AAGRAu6BwTi07SWjbWLisBHohB4rwe0PCSk/getUpdates "HTTP/1.1 200 OK"
2026-07-15 19:41:02,175 [INFO] httpx: HTTP Request: POST https://api.telegram.org/bot8869362388:AAGRAu6BwTi07SWjbWLisBHohB4rwe0PCSk/getUpdates "HTTP/1.1 200 OK"
2026-07-15 19:41:12,573 [INFO] httpx: HTTP Request: POST https://api.telegram.org/bot8869362388:AAGRAu6BwTi07SWjbWLisBHohB4rwe0PCSk/getUpdates "HTTP/1.1 200 OK"
2026-07-15 19:41:22,989 [INFO] httpx: HTTP Request: POST https://api.telegram.org/bot8869362388:AAGRAu6BwTi07SWjbWLisBHohB4rwe0PCSk/getUpdates "HTTP/1.1 200 OK"
2026-07-15 19:41:33,474 [INFO] httpx: HTTP Request: POST https://api.telegram.org/bot8869362388:AAGRAu6BwTi07SWjbWLisBHohB4rwe0PCSk/getUpdates "HTTP/1.1 200 OK"
2026-07-15 19:41:44,373 [INFO] httpx: HTTP Request: POST https://api.telegram.org/bot8869362388:AAGRAu6BwTi07SWjbWLisBHohB4rwe0PCSk/getUpdates "HTTP/1.1 200 OK"
2026-07-15 19:41:54,743 [INFO] httpx: HTTP Request: POST https://api.telegram.org/bot8869362388:AAGRAu6BwTi07SWjbWLisBHohB4rwe0PCSk/getUpdates "HTTP/1.1 200 OK"
2026-07-15 19:42:05,172 [INFO] httpx: HTTP Request: POST https://api.telegram.org/bot8869362388:AAGRAu6BwTi07SWjbWLisBHohB4rwe0PCSk/getUpdates "HTTP/1.1 200 OK"
2026-07-15 19:42:15,716 [INFO] httpx: HTTP Request: POST https://api.telegram.org/bot8869362388:AAGRAu6BwTi07SWjbWLisBHohB4rwe0PCSk/getUpdates "HTTP/1.1 200 OK"
2026-07-15 19:43:18,786 [INFO] httpx: HTTP Request: POST https://api.telegram.org/bot8869362388:AAGRAu6BwTi07SWjbWLisBHohB4rwe0PCSk/getUpdates "HTTP/1.1 200 OK"
2026-07-15 19:43:29,697 [INFO] httpx: HTTP Request: POST https://api.telegram.org/bot8869362388:AAGRAu6BwTi07SWjbWLisBHohB4rwe0PCSk/getUpdates "HTTP/1.1 200 OK"
2026-07-15 19:43:44,494 [INFO] httpx: HTTP Request: POST https://api.telegram.org/bot8869362388:AAGRAu6BwTi07SWjbWLisBHohB4rwe0PCSk/getUpdates "HTTP/1.1 200 OK"
2026-07-15 19:43:55,097 [INFO] httpx: HTTP Request: POST https://api.telegram.org/bot8869362388:AAGRAu6BwTi07SWjbWLisBHohB4rwe0PCSk/getUpdates "HTTP/1.1 200 OK"
2026-07-15 19:44:05,677 [INFO] httpx: HTTP Request: POST https://api.telegram.org/bot8869362388:AAGRAu6BwTi07SWjbWLisBHohB4rwe0PCSk/getUpdates "HTTP/1.1 200 OK"
2026-07-15 19:44:16,255 [INFO] httpx: HTTP Request: POST https://api.telegram.org/bot8869362388:AAGRAu6BwTi07SWjbWLisBHohB4rwe0PCSk/getUpdates "HTTP/1.1 200 OK"
2026-07-15 19:44:26,773 [INFO] httpx: HTTP Request: POST https://api.telegram.org/bot8869362388:AAGRAu6BwTi07SWjbWLisBHohB4rwe0PCSk/getUpdates "HTTP/1.1 200 OK"
2026-07-15 19:44:37,237 [INFO] httpx: HTTP Request: POST https://api.telegram.org/bot8869362388:AAGRAu6BwTi07SWjbWLisBHohB4rwe0PCSk/getUpdates "HTTP/1.1 200 OK"
2026-07-15 19:44:48,180 [INFO] httpx: HTTP Request: POST https://api.telegram.org/bot8869362388:AAGRAu6BwTi07SWjbWLisBHohB4rwe0PCSk/getUpdates "HTTP/1.1 200 OK"
